[vedix.com/pages/subscription.html]
[backblue.gif]
[fade.gif]
[index.html]
[vedix.com/cdn/shop/t/7/assets/gtm-listener33c6.js]
[vedix.com/cdn/shop/t/7/assets/applicationce6e.css]
[vedix.com/cdn/shop/t/7/assets/application78db.js]
[vedix.com/cdn/shop/t/7/assets/gtm-suiteffa9.js]
[pdp.gokwik.co/v4/build/gokwik.js]
[cdn.shopify.com/s/files/1/0037/7690/5283/files/analysis-zeel-17f72.jpg]
[cdn.shopify.com/s/files/1/0037/7690/5283/files/check-icon-squigglyd2b2.png]
[dev.vedix.com/cdn/shop/files/accordion-bg-patternd7f6.png]
[cdn.shopify.com/s/files/1/0037/7690/5283/files/analysis-3StepHairRegimen648b.jpg]
[cdn.shopify.com/s/files/1/0037/7690/5283/files/analysis-4StepHairRegimen648b.jpg]
[cdn.shopify.com/s/files/1/0037/7690/5283/files/analysis-5StepHairRegimen648b.jpg]
[dev.vedix.com/cdn/shop/files/Awards_Graziadefa.jpg]
[dev.vedix.com/cdn/shop/files/Awards_Economic_Timesdefa.jpg]
[dev.vedix.com/cdn/shop/files/Awards_Feminadefa.jpg]
[dev.vedix.com/cdn/shop/files/Awards_Cosmopolitandefa.jpg]
[dev.vedix.com/cdn/shop/files/Awards_Enterpreneurdefa.jpg]
[dev.vedix.com/cdn/shop/files/bg-product-lg6a59.png]
[cdn.shopify.com/s/files/1/0037/7690/5283/files/amla_299a038.jpg]
[cdn.shopify.com/s/files/1/0037/7690/5283/files/booklet_free_499600e.png]
[cdn.shopify.com/s/files/1/0037/7690/5283/files/bg-tatva1a89.jpg]
[cdn.shopify.com/s/files/1/0037/7690/5283/files/tatva-logo-aneka093.png]
[vedix.com/cdn/shop/files/analysis-icon-offee1c.png]
[vedix.com/cdn/shop/files/analysis-icon-giftaf9a.png]
[vedix.com/cdn/shop/files/analysis-icon-dealsaeaf.png]
[vedix.com/cdn/shop/files/analysis-icon-priorityfe8e.png]
[vedix.com/cdn/shop/files/analysis-icon-shipping685c.png]
[vedix.com/cdn/shop/files/analysis-icon-free02e2.png]
[cdn.shopify.com/s/files/1/0037/7690/5283/files/poly-herbalism811a.jpg]
[cdn.shopify.com/s/files/1/0037/7690/5283/files/analysis-zeel-27f72.jpg]
[cdn.shopify.com/s/files/1/0037/7690/5283/files/en-analysis-quality5b6b.jpg]
[cdn.shopify.com/s/files/1/0037/7690/5283/files/en-analysis-uniqueness-ma60d.jpg]
[cdn.shopify.com/s/files/1/0037/7690/5283/files/en-analysis-uniqueness-da60d.jpg]
[vedix.com/cdn/shop/files/analysis-review-nupurdc9b.jpg]
[vedix.com/cdn/shop/files/analysis-review-shreyadc9b.jpg]
[vedix.com/cdn/shop/files/analysis-review-kirandc9b.jpg]
[vedix.com/cdn/shop/files/analysis-review-madhave690.jpg]
[vedix.com/cdn/shop/files/analysis-review-raghue690.jpg]
[vedix.com/cdn/shop/files/analysis-review-suraje690.jpg]
[cdn.shopify.com/s/files/1/0037/7690/5283/files/en-analysis-pricejustificationd653.jpg]
[cdn.shopify.com/s/files/1/0037/7690/5283/files/en-analysis-pricejustification-mend653.jpg]
[vedix.com/cdn/shop/files/Story_Ankita_Lokhande5420.jpg]
[vedix.com/cdn/shop/files/Ankita_Lokhande4424.jpg]
[vedix.com/cdn/shop/files/Story_Kajal_Agarwal9fd5.jpg]
[vedix.com/cdn/shop/files/Kajal_Agarwalee07.jpg]
[vedix.com/cdn/shop/files/Story_Neha_Dhupia9ad5.jpg]
[vedix.com/cdn/shop/files/Neha_Dhupiaa775.jpg]
[cdn.shopify.com/s/files/1/0037/7690/5283/files/prakriyafb41.gif]
[cdn.shopify.com/s/files/1/0037/7690/5283/files/analysis-payment-options46a0.png]
[vedix.com/cdn/shop/files/analysis-payment-healthyhair1433.png]
[vedix.com/cdn/shop/files/analysis-payment-ayushf877.png]
[vedix.com/cdn/shop/files/analysis-payment-stylecrazeac4c.png]
[vedix.com/cdn/shop/files/analysis-payment-madeinindiaabfa.png]
[vedix.com/cdn/shop/files/analysis-payment-guarantee6b42.png]
[vedix.com/cdn/shop/files/analysis-payment-natural5a71.png]
[vedix.com/cdn/shop/files/analysis-payment-freeshippingabb5.png]
[vedix.com/cdn/shop/files/analysis-doc-zeel97fa.jpg]
[vedix.com/cdn/shop/files/analysis-doc-sridevi4d0d.jpg]
[vedix.com/pages/vpq.html]
[vedix.com/pages/dashboard.html]
[vedix.com/pages/-men.jpg]
[vedix.com/cdn/shop/files/landing-footer-bg22d5.png]
[vedix.com/pages/subscription.html]
[www.googletagmanager.com/gtm5445.html]
[vedix.com/cdn/shop/t/7/assets/applicationce6e.css]
[cdn.shopify.com/s/files/1/0058/8827/8595/files/knockout-3.5.102e5.js]
[cdn.shopify.com/s/files/1/0058/8827/8595/files/survey-knockout-ui-1.9.127.min02e5.js]
[cdn.shopify.com/s/files/1/0058/8827/8595/files/survey-1.9.127.core.min8c89.js]
[cdn.shopify.com/s/files/1/0058/8827/8595/files/vpq-user-collage-m70ed.jpg]
[cdn.shopify.com/s/files/1/0058/8827/8595/files/vpq-user-collage-d6cd0.jpg]
[cdn.shopify.com/s/files/1/0037/7690/5283/files/vpq-doshaicons-animbd15.gif]
[cdn.shopify.com/s/files/1/0037/7690/5283/files/vpq-reviews-user15514.png]
[cdn.shopify.com/s/files/1/0037/7690/5283/files/vpq-reviews-user25514.png]
[cdn.shopify.com/s/files/1/0037/7690/5283/files/vpq-reviews-user35514.png]
[cdn.shopify.com/s/files/1/0037/7690/5283/files/vpq-reviews-men-15514.jpg]
[cdn.shopify.com/s/files/1/0037/7690/5283/files/vpq-reviews-men-25514.jpg]
[cdn.shopify.com/s/files/1/0037/7690/5283/files/vpq-reviews-men-35514.jpg]
[vedix.com/pages/landing-74.html]
[vedix.com/cdn/shop/t/7/assets/vpq-common50f0.js]
[vedix.com/pages/vpq.html]
[cdn.shopify.com/s/files/1/0037/7690/5283/files/menu-icon-hairb453.png]
[cdn.shopify.com/s/files/1/0037/7690/5283/files/menu-icon-skinb453.png]
[vedix.com/pages/why-vedix.html]
[vedix.com/pages/science.html]
[vedix.com/pages/reviews.html]
[vedix.com/pages/faqs.html]
[vedix.com/pages/vpq-skin.html]
[vedix.com/cdn/shop/t/7/assets/section-main-page1222.css]
[vedix.com/pages/dashboard.html]
[vedix.com/pages/-men.jpg]
[vedix.com/cdn/shop/files/hero_jute_3prods_desktopdac7.jpg]
[vedix.com/cdn/shop/files/hero_jute_3prods_mobiledac7.jpg]
[vedix.com/cdn/shop/files/Story_Ankita_Lokhande2981.jpg]
[vedix.com/cdn/shop/files/Ankita_Lokhande0fb8.jpg]
[vedix.com/cdn/shop/files/Story_Kajal_Agarwal2981.jpg]
[vedix.com/cdn/shop/files/Kajal_Agarwal0fb8.jpg]
[vedix.com/cdn/shop/files/Story_Neha_Dhupia2981.jpg]
[vedix.com/cdn/shop/files/Neha_Dhupia0fb8.jpg]
[vedix.com/cdn/shop/files/accordion-bg-patterndac7.png]
[vedix.com/cdn/shop/files/3step-vpq01b9.jpg]
[vedix.com/cdn/shop/files/3step-regimen9103.jpg]
[vedix.com/cdn/shop/files/3step-goals01b9.jpg]
[vedix.com/cdn/shop/files/lp-oil559a.jpg]
[vedix.com/cdn/shop/files/lp-serum559a.jpg]
[vedix.com/cdn/shop/files/lp-shampoo52f4.jpg]
[vedix.com/cdn/shop/files/bg-product-lg22c6.png]
[vedix.com/cdn/shop/files/lp-freebie-amlaa038.jpg]
[vedix.com/cdn/shop/files/lp-testimonial-user-16a51.jpg]
[vedix.com/cdn/shop/files/lp-testimonial-user-37238.jpg]
[vedix.com/cdn/shop/files/lp-testimonial-user-27238.jpg]
[vedix.com/cdn/shop/files/Awards_Grazia9103.jpg]
[vedix.com/cdn/shop/files/Awards_Economic_Times01b9.jpg]
[vedix.com/cdn/shop/files/Awards_Femina0fb8.jpg]
[vedix.com/cdn/shop/files/Awards_Cosmopolitan9103.jpg]
[vedix.com/cdn/shop/files/Awards_Enterpreneur9103.jpg]
[vedix.com/pages/landing-74.html]
[vedix.com/pages/why-vedix.html]
[vedix.com/pages/science.html]
[vedix.com/pages/reviews.html]
[vedix.com/pages/faqs.html]
[vedix.com/pages/vpq-skin.html]
[vedix.com/cdn/shop/t/7/assets/section-main-page1222.css]
